[orchestrator] starting
[orchestrator] convex: https://secret-fox-493.convex.cloud
[orchestrator] webhook: false 8787
[orchestrator] polling: true
[orchestrator] starting
[orchestrator] convex: https://secret-fox-493.convex.cloud
[orchestrator] webhook: false 8787
[orchestrator] polling: true
[orchestrator] resuming with saved state from 2026-02-26T12:41:11.996Z
[orchestrator] starting
[orchestrator] convex: https://secret-fox-493.convex.cloud
[orchestrator] webhook: false 8787
[orchestrator] polling: true
[orchestrator] resuming with saved state from 2026-02-26T12:43:16.700Z
[orchestrator] starting
[orchestrator] convex: https://secret-fox-493.convex.cloud
[orchestrator] webhook: false 8787
[orchestrator] polling: true
[orchestrator] resuming with saved state from 2026-02-26T12:43:26.583Z
[orchestrator] starting
[orchestrator] convex: https://secret-fox-493.convex.cloud
[orchestrator] webhook: false 8787
[orchestrator] polling: true
[orchestrator] resuming with saved state from 2026-02-26T17:37:27.808Z
[orchestrator] starting
[orchestrator] convex: https://secret-fox-493.convex.cloud
[orchestrator] webhook: false 8787
[orchestrator] polling: true
[orchestrator] resuming with saved state from 2026-02-26T17:44:34.135Z
[orchestrator] starting
[orchestrator] convex: https://secret-fox-493.convex.cloud
[orchestrator] webhook: false 8787
[orchestrator] polling: true
[orchestrator] resuming with saved state from 2026-02-26T17:46:56.307Z
[orchestrator] starting
[orchestrator] convex: https://secret-fox-493.convex.cloud
[orchestrator] webhook: false 8787
[orchestrator] polling: true
[orchestrator] resuming with saved state from 2026-02-26T17:57:27.310Z
[orchestrator] starting
[orchestrator] convex: https://secret-fox-493.convex.cloud
[orchestrator] webhook: false 8787
[orchestrator] polling: true
[orchestrator] resuming with saved state from 2026-02-26T18:32:07.629Z
[orchestrator] starting
[orchestrator] convex: https://secret-fox-493.convex.cloud
[orchestrator] webhook: false 8787
[orchestrator] polling: true
[orchestrator] resuming with saved state from 2026-02-26T18:41:04.709Z
[orchestrator] starting
[orchestrator] convex: https://secret-fox-493.convex.cloud
[orchestrator] webhook: false 8787
[orchestrator] polling: true
[orchestrator] resuming with saved state from 2026-02-26T18:47:04.649Z
[orchestrator] starting
[orchestrator] convex: https://secret-fox-493.convex.cloud
[orchestrator] webhook: false 8787
[orchestrator] polling: true
[orchestrator] resuming with saved state from 2026-02-26T18:48:06.627Z
[orchestrator] starting
[orchestrator] convex: https://secret-fox-493.convex.cloud
[orchestrator] webhook: false 8787
[orchestrator] polling: true
[orchestrator] resuming with saved state from 2026-02-26T19:00:16.193Z
[orchestrator] starting
[orchestrator] convex: https://secret-fox-493.convex.cloud
[orchestrator] webhook: false 8787
[orchestrator] polling: true
[orchestrator] resuming with saved state from 2026-02-26T19:01:26.011Z
[orchestrator] starting
[orchestrator] convex: https://secret-fox-493.convex.cloud
[orchestrator] webhook: false 8787
[orchestrator] polling: true
[orchestrator] resuming with saved state from 2026-02-27T04:02:18.657Z
[orchestrator] starting
[orchestrator] convex: https://secret-fox-493.convex.cloud
[orchestrator] webhook: false 8787
[orchestrator] polling: true
[orchestrator] resuming with saved state from 2026-02-27T04:03:21.422Z
[orchestrator] starting
[orchestrator] convex: https://secret-fox-493.convex.cloud
[orchestrator] webhook: false 8787
[orchestrator] polling: true
[orchestrator] resuming with saved state from 2026-02-27T04:09:37.695Z
[orchestrator] starting
[orchestrator] convex: https://secret-fox-493.convex.cloud
[orchestrator] webhook: false 8787
[orchestrator] polling: true
[orchestrator] resuming with saved state from 2026-02-27T04:18:54.266Z
[orchestrator] starting
[orchestrator] convex: https://secret-fox-493.convex.cloud
[orchestrator] webhook: false 8787
[orchestrator] polling: true
[orchestrator] resuming with saved state from 2026-02-27T04:20:23.809Z
[orchestrator] starting
[orchestrator] convex: https://secret-fox-493.convex.cloud
[orchestrator] webhook: false 8787
[orchestrator] polling: true
[orchestrator] resuming with saved state from 2026-02-27T04:21:20.404Z
[orchestrator] starting
[orchestrator] convex: https://secret-fox-493.convex.cloud
[orchestrator] webhook: false 8787
[orchestrator] polling: true
[orchestrator] resuming with saved state from 2026-02-27T04:54:47.070Z
