sh: vite: command not found
sh: vite: command not found
sh: vite: command not found
sh: vite: command not found
sh: vite: command not found
sh: vite: command not found
error when starting dev server:
Error: Port 5174 is already in use
    at Server.onError (file:///Users/syphaoffice1/Mission-control-openclaw-25:02/Mission-control/node_modules/vite/dist/node/chunks/dep-BK3b2jBa.js:45596:18)
    at Server.emit (node:events:508:20)
    at emitErrorNT (node:net:1976:8)
    at process.processTicksAndRejections (node:internal/process/task_queues:90:21)
error when starting dev server:
Error: Port 5174 is already in use
    at Server.onError (file:///Users/syphaoffice1/Mission-control-openclaw-25:02/Mission-control/node_modules/vite/dist/node/chunks/dep-BK3b2jBa.js:45596:18)
    at Server.emit (node:events:508:20)
    at emitErrorNT (node:net:1976:8)
    at process.processTicksAndRejections (node:internal/process/task_queues:90:21)
error when starting dev server:
Error: Port 5174 is already in use
    at Server.onError (file:///Users/syphaoffice1/Mission-control-openclaw-25:02/Mission-control/node_modules/vite/dist/node/chunks/dep-BK3b2jBa.js:45596:18)
    at Server.emit (node:events:508:20)
    at emitErrorNT (node:net:1976:8)
    at process.processTicksAndRejections (node:internal/process/task_queues:90:21)
error when starting dev server:
Error: Port 5174 is already in use
    at Server.onError (file:///Users/syphaoffice1/Mission-control-openclaw-25:02/Mission-control/node_modules/vite/dist/node/chunks/dep-BK3b2jBa.js:45596:18)
    at Server.emit (node:events:508:20)
    at emitErrorNT (node:net:1976:8)
    at process.processTicksAndRejections (node:internal/process/task_queues:90:21)
error when starting dev server:
Error: Port 5174 is already in use
    at Server.onError (file:///Users/syphaoffice1/Mission-control-openclaw-25:02/Mission-control/node_modules/vite/dist/node/chunks/dep-BK3b2jBa.js:45596:18)
    at Server.emit (node:events:508:20)
    at emitErrorNT (node:net:1976:8)
    at process.processTicksAndRejections (node:internal/process/task_queues:90:21)
error when starting dev server:
Error: Port 5174 is already in use
    at Server.onError (file:///Users/syphaoffice1/Mission-control-openclaw-25:02/Mission-control/node_modules/vite/dist/node/chunks/dep-BK3b2jBa.js:45596:18)
    at Server.emit (node:events:508:20)
    at emitErrorNT (node:net:1976:8)
    at process.processTicksAndRejections (node:internal/process/task_queues:90:21)
error when starting dev server:
Error: Port 5174 is already in use
    at Server.onError (file:///Users/syphaoffice1/Mission-control-openclaw-25:02/Mission-control/node_modules/vite/dist/node/chunks/dep-BK3b2jBa.js:45596:18)
    at Server.emit (node:events:508:20)
    at emitErrorNT (node:net:1976:8)
    at process.processTicksAndRejections (node:internal/process/task_queues:90:21)
error when starting dev server:
Error: Port 5174 is already in use
    at Server.onError (file:///Users/syphaoffice1/Mission-control-openclaw-25:02/Mission-control/node_modules/vite/dist/node/chunks/dep-BK3b2jBa.js:45596:18)
    at Server.emit (node:events:508:20)
    at emitErrorNT (node:net:1976:8)
    at process.processTicksAndRejections (node:internal/process/task_queues:90:21)
error when starting dev server:
Error: Port 5174 is already in use
    at Server.onError (file:///Users/syphaoffice1/Mission-control-openclaw-25:02/Mission-control/node_modules/vite/dist/node/chunks/dep-BK3b2jBa.js:45596:18)
    at Server.emit (node:events:508:20)
    at emitErrorNT (node:net:1976:8)
    at process.processTicksAndRejections (node:internal/process/task_queues:90:21)
error when starting dev server:
Error: Port 5174 is already in use
    at Server.onError (file:///Users/syphaoffice1/Mission-control-openclaw-25:02/Mission-control/node_modules/vite/dist/node/chunks/dep-BK3b2jBa.js:45596:18)
    at Server.emit (node:events:508:20)
    at emitErrorNT (node:net:1976:8)
    at process.processTicksAndRejections (node:internal/process/task_queues:90:21)
error when starting dev server:
Error: Port 5174 is already in use
    at Server.onError (file:///Users/syphaoffice1/Mission-control-openclaw-25:02/Mission-control/node_modules/vite/dist/node/chunks/dep-BK3b2jBa.js:45596:18)
    at Server.emit (node:events:508:20)
    at emitErrorNT (node:net:1976:8)
    at process.processTicksAndRejections (node:internal/process/task_queues:90:21)
error when starting dev server:
Error: Port 5174 is already in use
    at Server.onError (file:///Users/syphaoffice1/Mission-control-openclaw-25:02/Mission-control/node_modules/vite/dist/node/chunks/dep-BK3b2jBa.js:45596:18)
    at Server.emit (node:events:508:20)
    at emitErrorNT (node:net:1976:8)
    at process.processTicksAndRejections (node:internal/process/task_queues:90:21)
